// Vitest Snapshot v1, https://vitest.dev/guide/snapshot.html

exports[`SearchForm > renders snapshot 1`] = `
<form>
  <label
    for="search"
  >
    <strong>
      Search:
    </strong>
  </label>
  Â 
  <input
    id="search"
    type="text"
    value="React"
  />
  <button
    type="submit"
  >
    Submit
  </button>
</form>
`;
